// Vitest Snapshot v1, https://vitest.dev/guide/snapshot.html

exports[`SearchBar > should render searchbar properly 1`] = `
<div>
  <section
    class="max-w-3xl mx-auto px-6 py-6"
  >
    <div
      class="flex gap-2"
    >
      <input
        class="flex-1 px-3 py-2 text-sm border border-gray-300 rounded-md bg-white placeholder-gray-400 focus:border-blue-500 focus:ring-1 focus:ring-blue-500 outline-none"
        placeholder="Buscar gifs"
        type="text"
        value=""
      />
      <button
        class="px-4 py-2 text-sm font-medium bg-gray-900 text-white rounded-md hover:bg-gray-800 transition-colors"
      >
        Buscar
      </button>
    </div>
  </section>
</div>
`;
